Archive member included because of file (symbol)

contiki-sky.a(contiki-sky-pla)
                              obj_sky/contiki-sky-main.o (init_platform)
contiki-sky.a(button-sensor.o)
                              contiki-sky.a(contiki-sky-pla) (button_sensor)
contiki-sky.a(ds2411.o)       obj_sky/contiki-sky-main.o (ds2411_init)
contiki-sky.a(xmem.o)         obj_sky/contiki-sky-main.o (xmem_init)
contiki-sky.a(node-id.o)      obj_sky/contiki-sky-main.o (node_id_restore)
contiki-sky.a(sensors.o)      contiki-sky.a(button-sensor.o) (sensors_changed)
contiki-sky.a(cc2420.o)       arbol_rssi.co (cc2420_last_rssi)
contiki-sky.a(cc2420-arch.o)  contiki-sky.a(cc2420.o) (cc2420_arch_init)
contiki-sky.a(uart1.o)        obj_sky/contiki-sky-main.o (uart1_active)
contiki-sky.a(uart1-putchar.o)
                              obj_sky/contiki-sky-main.o (putchar)
contiki-sky.a(msp430.o)       contiki-sky.a(uart1.o) (msp430_add_lpm_req)
contiki-sky.a(clock.o)        obj_sky/contiki-sky-main.o (clock_init)
contiki-sky.a(leds.o)         obj_sky/contiki-sky-main.o (leds_init)
contiki-sky.a(leds-arch.o)    contiki-sky.a(leds.o) (leds_arch_init)
contiki-sky.a(watchdog.o)     obj_sky/contiki-sky-main.o (watchdog_start)
contiki-sky.a(rtimer-arch.o)  obj_sky/contiki-sky-main.o (rtimer_arch_now)
contiki-sky.a(autostart.o)    obj_sky/contiki-sky-main.o (autostart_start)
contiki-sky.a(energest.o)     obj_sky/contiki-sky-main.o (energest_init)
contiki-sky.a(etimer.o)       contiki-sky.a(clock.o) (etimer_request_poll)
contiki-sky.a(ctimer.o)       obj_sky/contiki-sky-main.o (ctimer_init)
contiki-sky.a(process.o)      contiki-sky.a(etimer.o) (process_current)
contiki-sky.a(rtimer.o)       obj_sky/contiki-sky-main.o (rtimer_init)
contiki-sky.a(timer.o)        obj_sky/contiki-sky-main.o (timer_set)
contiki-sky.a(serial-line.o)  obj_sky/contiki-sky-main.o (serial_line_input_byte)
contiki-sky.a(list.o)         contiki-sky.a(ctimer.o) (list_init)
contiki-sky.a(memb.o)         arbol_rssi.co (memb_alloc)
contiki-sky.a(random.o)       obj_sky/contiki-sky-main.o (random_init)
contiki-sky.a(ringbuf.o)      contiki-sky.a(serial-line.o) (ringbuf_init)
contiki-sky.a(broadcast.o)    arbol_rssi.co (broadcast_open)
contiki-sky.a(rime.o)         obj_sky/contiki-sky-main.o (rime_driver)
contiki-sky.a(unicast.o)      arbol_rssi.co (unicast_open)
contiki-sky.a(csma.o)         obj_sky/contiki-sky-main.o (csma_driver)
contiki-sky.a(queuebuf.o)     contiki-sky.a(rime.o) (queuebuf_init)
contiki-sky.a(packetbuf.o)    contiki-sky.a(cc2420.o) (packetbuf_set_datalen)
contiki-sky.a(linkaddr.o)     arbol_rssi.co (linkaddr_copy)
contiki-sky.a(contikimac.o)   obj_sky/contiki-sky-main.o (contikimac_driver)
contiki-sky.a(contikimac-fram)
                              contiki-sky.a(contikimac.o) (contikimac_framer)
contiki-sky.a(nullsec.o)      obj_sky/contiki-sky-main.o (nullsec_driver)
contiki-sky.a(spi.o)          contiki-sky.a(xmem.o) (spi_init)
contiki-sky.a(compower.o)     contiki-sky.a(contikimac.o) (compower_accumulate)
contiki-sky.a(broadcast-annou)
                              contiki-sky.a(rime.o) (broadcast_announcement_init)
contiki-sky.a(abc.o)          contiki-sky.a(broadcast.o) (abc_open)
contiki-sky.a(announcement.o)
                              contiki-sky.a(rime.o) (announcement_init)
contiki-sky.a(channel.o)      contiki-sky.a(abc.o) (channel_open)
contiki-sky.a(chameleon.o)    contiki-sky.a(rime.o) (chameleon_init)
contiki-sky.a(mac-sequence.o)
                              contiki-sky.a(contikimac.o) (mac_sequence_is_duplicate)
contiki-sky.a(framer-802154.o)
                              contiki-sky.a(contikimac-fram) (framer_802154)
contiki-sky.a(frame802154.o)  contiki-sky.a(framer-802154.o) (frame802154_get_pan_id)
contiki-sky.a(mac.o)          contiki-sky.a(csma.o) (mac_call_sent_callback)
contiki-sky.a(chameleon-bitop)
                              contiki-sky.a(chameleon.o) (chameleon_bitopt)
/usr/lib/gcc/msp430/4.6.3/mmpy-16/libgcc.a(_mulsi3.o)
                              contiki-sky.a(csma.o) (__mulsi3)
/usr/lib/gcc/msp430/4.6.3/mmpy-16/libgcc.a(_udivmod32.o)
                              obj_sky/contiki-sky-main.o (__udivsi3)
/usr/lib/gcc/msp430/4.6.3/../../../../msp430/lib/mmpy-16/libc.a(strncmp.o)
                              contiki-sky.a(sensors.o) (strncmp)
/usr/lib/gcc/msp430/4.6.3/../../../../msp430/lib/mmpy-16/libc.a(memcmp.o)
                              contiki-sky.a(linkaddr.o) (memcmp)
/usr/lib/gcc/msp430/4.6.3/../../../../msp430/lib/mmpy-16/libc.a(memcpy.o)
                              contiki-sky.a(packetbuf.o) (memcpy)
/usr/lib/gcc/msp430/4.6.3/../../../../msp430/lib/mmpy-16/libc.a(memset.o)
                              obj_sky/contiki-sky-main.o (memset)
/usr/lib/gcc/msp430/4.6.3/../../../../msp430/lib/mmpy-16/libc.a(printf.o)
                              arbol_rssi.co (printf)
/usr/lib/gcc/msp430/4.6.3/../../../../msp430/lib/mmpy-16/libc.a(vuprintf.o)
[...]
Memory Configuration

Name             Origin             Length             Attributes
sfr              0x0000000000000000 0x0000000000000010
peripheral_8bit  0x0000000000000010 0x00000000000000f0
peripheral_16bit 0x0000000000000100 0x0000000000000100
ram_mirror       0x0000000000000200 0x0000000000000800 xw
infomem          0x0000000000001000 0x0000000000000100
infob            0x0000000000001000 0x0000000000000080
infoa            0x0000000000001080 0x0000000000000080
ram              0x0000000000001100 0x0000000000002800 xw
rom              0x0000000000004000 0x000000000000bfe0 xr
vectors          0x000000000000ffe0 0x0000000000000020
bsl              0x0000000000000000 0x0000000000000000
infoc            0x0000000000000000 0x0000000000000000
infod            0x0000000000000000 0x0000000000000000
ram2             0x0000000000000000 0x0000000000000000 xw
usbram           0x0000000000000000 0x0000000000000000 xw
far_rom          0x0000000000000000 0x0000000000000000
*default*        0x0000000000000000 0xffffffffffffffff

Linker script and memory map

LOAD /usr/lib/gcc/msp430/4.6.3/mmpy-16/crt0ivtbl16.o
LOAD arbol_rssi.co
LOAD obj_sky/construccion_arbol.o
LOAD obj_sky/contiki-sky-main.o
LOAD contiki-sky.a
LOAD /usr/lib/gcc/msp430/4.6.3/mmpy-16/libgcc.a
LOAD /usr/lib/gcc/msp430/4.6.3/../../../../msp430/lib/mmpy-16/libc.a
LOAD /usr/lib/gcc/msp430/4.6.3/mmpy-16/libgcc.a
LOAD /usr/lib/gcc/msp430/4.6.3/mmpy-16/libcrt0.a
                0x0000000000000080                PROVIDE (__info_segment_size, 0x80)
                0x0000000000001000                PROVIDE (__infob, 0x1000)
                0x0000000000001080                PROVIDE (__infoa, 0x1080)
                0x0000000000000000                __IE1 = 0x0
                0x0000000000000002                __IFG1 = 0x2
                0x0000000000000004                __ME1 = 0x4
                0x0000000000000001                __IE2 = 0x1
                0x0000000000000003                __IFG2 = 0x3
                0x0000000000000005                __ME2 = 0x5
                0x0000000000000120                __WDTCTL = 0x120
                0x0000000000000130                __MPY = 0x130
                0x0000000000000132                __MPYS = 0x132
                0x0000000000000134                __MAC = 0x134
                0x0000000000000136                __MACS = 0x136
                0x0000000000000138                __OP2 = 0x138
                0x000000000000013a                __RESLO = 0x13a
                0x000000000000013c                __RESHI = 0x13c
                0x000000000000013e                __SUMEXT = 0x13e
                0x0000000000000020                __P1IN = 0x20
                0x0000000000000021                __P1OUT = 0x21
                0x0000000000000022                __P1DIR = 0x22
                0x0000000000000023                __P1IFG = 0x23
                0x0000000000000024                __P1IES = 0x24
                0x0000000000000025                __P1IE = 0x25
                0x0000000000000026                __P1SEL = 0x26
                0x0000000000000028                __P2IN = 0x28
                0x0000000000000029                __P2OUT = 0x29
                0x000000000000002a                __P2DIR = 0x2a
                0x000000000000002b                __P2IFG = 0x2b
                0x000000000000002c                __P2IES = 0x2c
                0x000000000000002d                __P2IE = 0x2d
                0x000000000000002e                __P2SEL = 0x2e
                0x0000000000000018                __P3IN = 0x18
                0x0000000000000019                __P3OUT = 0x19
                0x000000000000001a                __P3DIR = 0x1a
                0x000000000000001b                __P3SEL = 0x1b
                0x000000000000001c                __P4IN = 0x1c
                0x000000000000001d                __P4OUT = 0x1d
                0x000000000000001e                __P4DIR = 0x1e
                0x000000000000001f                __P4SEL = 0x1f
                0x0000000000000030                __P5IN = 0x30
                0x0000000000000031                __P5OUT = 0x31
                0x0000000000000032                __P5DIR = 0x32
                0x0000000000000033                __P5SEL = 0x33
                0x0000000000000034                __P6IN = 0x34
                0x0000000000000035                __P6OUT = 0x35
                0x0000000000000036                __P6DIR = 0x36
                0x0000000000000037                __P6SEL = 0x37
                0x0000000000000070                __U0CTL = 0x70
                0x0000000000000071                __U0TCTL = 0x71
                0x0000000000000072                __U0RCTL = 0x72
                0x0000000000000073                __U0MCTL = 0x73
                0x0000000000000074                __U0BR0 = 0x74
                0x0000000000000075                __U0BR1 = 0x75
                0x0000000000000076                __U0RXBUF = 0x76
                0x0000000000000077                __U0TXBUF = 0x77
                0x0000000000000078                __U1CTL = 0x78
                0x0000000000000079                __U1TCTL = 0x79
                0x000000000000007a                __U1RCTL = 0x7a
                0x000000000000007b                __U1MCTL = 0x7b
                0x000000000000007c                __U1BR0 = 0x7c
                0x000000000000007d                __U1BR1 = 0x7d
                0x000000000000007e                __U1RXBUF = 0x7e
                0x000000000000007f                __U1TXBUF = 0x7f
                0x0000000000000050                __I2CIE = 0x50
                0x0000000000000051                __I2CIFG = 0x51
                0x0000000000000052                __I2CNDAT = 0x52
                0x0000000000000071                __I2CTCTL = 0x71
                0x0000000000000072                __I2CDCTL = 0x72
                0x0000000000000073                __I2CPSC = 0x73
                0x0000000000000074                __I2CSCLH = 0x74
                0x0000000000000075                __I2CSCLL = 0x75
                0x0000000000000076                __I2CDRB = 0x76
                0x0000000000000076                __I2CDRW = 0x76
                0x0000000000000118                __I2COA = 0x118
                0x000000000000011a                __I2CSA = 0x11a
                0x000000000000011c                __I2CIV = 0x11c
                0x000000000000012e                __TAIV = 0x12e
                0x0000000000000160                __TACTL = 0x160
                0x0000000000000162                __TACCTL0 = 0x162
                0x0000000000000164                __TACCTL1 = 0x164
                0x0000000000000166                __TACCTL2 = 0x166
                0x0000000000000170                __TAR = 0x170
                0x0000000000000172                __TACCR0 = 0x172
                0x0000000000000174                __TACCR1 = 0x174
                0x0000000000000176                __TACCR2 = 0x176
                0x000000000000011e                __TBIV = 0x11e
                0x0000000000000180                __TBCTL = 0x180
                0x0000000000000182                __TBCCTL0 = 0x182
                0x0000000000000184                __TBCCTL1 = 0x184
                0x0000000000000186                __TBCCTL2 = 0x186
                0x0000000000000188                __TBCCTL3 = 0x188
                0x000000000000018a                __TBCCTL4 = 0x18a
                0x000000000000018c                __TBCCTL5 = 0x18c
                0x000000000000018e                __TBCCTL6 = 0x18e
                0x0000000000000190                __TBR = 0x190
                0x0000000000000192                __TBCCR0 = 0x192
                0x0000000000000194                __TBCCR1 = 0x194
                0x0000000000000196                __TBCCR2 = 0x196
                0x0000000000000198                __TBCCR3 = 0x198
                0x000000000000019a                __TBCCR4 = 0x19a
                0x000000000000019c                __TBCCR5 = 0x19c
                0x000000000000019e                __TBCCR6 = 0x19e
                0x0000000000000056                __DCOCTL = 0x56
                0x0000000000000057                __BCSCTL1 = 0x57
                0x0000000000000058                __BCSCTL2 = 0x58
                0x0000000000000055                __SVSCTL = 0x55
                0x0000000000000128                __FCTL1 = 0x128
                0x000000000000012a                __FCTL2 = 0x12a
                0x000000000000012c                __FCTL3 = 0x12c
                0x0000000000000059                __CACTL1 = 0x59
                0x000000000000005a                __CACTL2 = 0x5a
                0x000000000000005b                __CAPD = 0x5b
                0x00000000000001a0                __ADC12CTL0 = 0x1a0
                0x00000000000001a2                __ADC12CTL1 = 0x1a2
                0x00000000000001a4                __ADC12IFG = 0x1a4
                0x00000000000001a6                __ADC12IE = 0x1a6
                0x00000000000001a8                __ADC12IV = 0x1a8
                0x0000000000000140                __ADC12MEM0 = 0x140
                0x0000000000000142                __ADC12MEM1 = 0x142
                0x0000000000000144                __ADC12MEM2 = 0x144
                0x0000000000000146                __ADC12MEM3 = 0x146
                0x0000000000000148                __ADC12MEM4 = 0x148
                0x000000000000014a                __ADC12MEM5 = 0x14a
                0x000000000000014c                __ADC12MEM6 = 0x14c
                0x000000000000014e                __ADC12MEM7 = 0x14e
                0x0000000000000150                __ADC12MEM8 = 0x150
                0x0000000000000152                __ADC12MEM9 = 0x152
                0x0000000000000154                __ADC12MEM10 = 0x154
                0x0000000000000156                __ADC12MEM11 = 0x156
                0x0000000000000158                __ADC12MEM12 = 0x158
                0x000000000000015a                __ADC12MEM13 = 0x15a
                0x000000000000015c                __ADC12MEM14 = 0x15c
                0x000000000000015e                __ADC12MEM15 = 0x15e
                0x0000000000000080                __ADC12MCTL0 = 0x80
                0x0000000000000081                __ADC12MCTL1 = 0x81
                0x0000000000000082                __ADC12MCTL2 = 0x82
                0x0000000000000083                __ADC12MCTL3 = 0x83
                0x0000000000000084                __ADC12MCTL4 = 0x84
                0x0000000000000085                __ADC12MCTL5 = 0x85
                0x0000000000000086                __ADC12MCTL6 = 0x86
                0x0000000000000087                __ADC12MCTL7 = 0x87
                0x0000000000000088                __ADC12MCTL8 = 0x88
                0x0000000000000089                __ADC12MCTL9 = 0x89
                0x000000000000008a                __ADC12MCTL10 = 0x8a
                0x000000000000008b                __ADC12MCTL11 = 0x8b
                0x000000000000008c                __ADC12MCTL12 = 0x8c
                0x000000000000008d                __ADC12MCTL13 = 0x8d
                0x000000000000008e                __ADC12MCTL14 = 0x8e
                0x000000000000008f                __ADC12MCTL15 = 0x8f
                0x00000000000001c0                __DAC12_0CTL = 0x1c0
                0x00000000000001c2                __DAC12_1CTL = 0x1c2
                0x00000000000001c8                __DAC12_0DAT = 0x1c8
                0x00000000000001ca                __DAC12_1DAT = 0x1ca
                0x0000000000000122                __DMACTL0 = 0x122
                0x0000000000000124                __DMACTL1 = 0x124
                0x00000000000001e0                __DMA0CTL = 0x1e0
                0x00000000000001e8                __DMA1CTL = 0x1e8
                0x00000000000001f0                __DMA2CTL = 0x1f0
                0x00000000000001e2                __DMA0SA = 0x1e2
                0x00000000000001e4                __DMA0DA = 0x1e4
                0x00000000000001e6                __DMA0SZ = 0x1e6
                0x00000000000001ea                __DMA1SA = 0x1ea
                0x00000000000001ec                __DMA1DA = 0x1ec
                0x00000000000001ee                __DMA1SZ = 0x1ee
                0x00000000000001f2                __DMA2SA = 0x1f2
                0x00000000000001f4                __DMA2DA = 0x1f4
                0x00000000000001f6                __DMA2SZ = 0x1f6

.hash
 *(.hash)

.dynsym
 *(.dynsym)

.dynstr
 *(.dynstr)

.gnu.version
 *(.gnu.version)

.gnu.version_d
 *(.gnu.version_d)

.gnu.version_r
 *(.gnu.version_r)

.rel.init
 *(.rel.init)

.rela.init
 *(.rela.init)

.rel.fini
 *(.rel.fini)

.rela.fini
 *(.rela.fini)

.rel.text
 *(.rel.text .rel.text.* .rel.gnu.linkonce.t.*)

.rela.text
 *(.rela.text .rela.text.* .rela.gnu.linkonce.t.*)

.rel.rodata
 *(.rel.rodata .rel.rodata.* .rel.gnu.linkonce.r.*)

.rela.rodata
 *(.rela.rodata .rela.rodata.* .rela.gnu.linkonce.r.*)

.rel.data
 *(.rel.data .rel.data.* .rel.gnu.linkonce.d.*)

.rela.data
 *(.rela.data .rela.data.* .rela.gnu.linkonce.d.*)

.rel.bss
 *(.rel.bss .rel.bss.* .rel.gnu.linkonce.b.*)

.rela.bss
 *(.rela.bss .rela.bss.* .rela.gnu.linkonce.b.*)

.rel.ctors
 *(.rel.ctors)

.rela.ctors
 *(.rela.ctors)

.rel.dtors
 *(.rel.dtors)

.rela.dtors
 *(.rela.dtors)

.rel.got
 *(.rel.got)

.rela.got
 *(.rela.got)

.rel.plt
 *(.rel.plt)

.rela.plt
 *(.rela.plt)

.text           0x0000000000004000     0x534e
                0x0000000000004000                . = ALIGN (0x2)
 *(.init .init.*)
 *(.init0)
 .init0         0x0000000000004000        0x0 /usr/lib/gcc/msp430/4.6.3/mmpy-16/libcrt0.a(_reset_vector__.o)
                0x0000000000004000                _reset_vector__
 *(.init1)
 .init1         0x0000000000004000        0xc /usr/lib/gcc/msp430/4.6.3/mmpy-16/libcrt0.a(__watchdog_support.o)
                0x0000000000004000                __watchdog_support
 *(.init2)
 .init2         0x000000000000400c        0x4 /usr/lib/gcc/msp430/4.6.3/mmpy-16/libcrt0.a(__init_stack.o)
                0x000000000000400c                __init_stack
 *(.init3)
 .init3         0x0000000000004010        0x0 /usr/lib/gcc/msp430/4.6.3/mmpy-16/libcrt0.a(__low_level_init.o)
                0x0000000000004010                __low_level_init
 *(.init4)
 .init4         0x0000000000004010       0x18 /usr/lib/gcc/msp430/4.6.3/mmpy-16/libcrt0.a(_copy_data.o)
                0x0000000000004010                __do_copy_data
 .init4         0x0000000000004028       0x16 /usr/lib/gcc/msp430/4.6.3/mmpy-16/libcrt0.a(_clear_bss.o)
                0x0000000000004028                __do_clear_bss
 *(.init5)
 *(.init6)
 *(.init7)
 *(.init8)
 *(.init9)
 .init9         0x000000000000403e      0x2da obj_sky/contiki-sky-main.o
                0x000000000000403e                main
 *(.fini9)
 .fini9         0x0000000000004318        0x0 /usr/lib/gcc/msp430/4.6.3/mmpy-16/libcrt0.a(__stop_progExec__.o)
                0x0000000000004318                __stop_progExec__
 *(.fini8)
 *(.fini7)
 *(.fini6)
 *(.fini5)
 *(.fini4)
 *(.fini3)
 *(.fini2)
 *(.fini1)
 *(.fini0)
 .fini0         0x0000000000004318        0x6 /usr/lib/gcc/msp430/4.6.3/mmpy-16/libcrt0.a(_endless_loop__.o)
                0x0000000000004318                _endless_loop__
 *(.fini .fini.*)
                0x000000000000431e                . = ALIGN (0x2)
                0x000000000000431e                __ctors_start = .
 *(.ctors)
                0x000000000000431e                __ctors_end = .
                0x000000000000431e                __dtors_start = .
 *(.dtors)
                0x000000000000431e                __dtors_end = .
                0x000000000000431e                . = ALIGN (0x2)
 *(.text .text.* .gnu.linkonce.t.*)
 .text          0x000000000000431e        0x4 /usr/lib/gcc/msp430/4.6.3/mmpy-16/crt0ivtbl16.o
                0x000000000000431e                __isr_14
                0x000000000000431e                __isr_11
                0x000000000000431e                __isr_2
                0x000000000000431e                __isr_7
                0x000000000000431e                __isr_0
                0x000000000000431e                __isr_8
                0x000000000000431e                __isr_3
                0x000000000000431e                __isr_12
                0x000000000000431e                __isr_13
                0x000000000000431e                __isr_9
 .text.recv_uc  0x0000000000004322       0x10 arbol_rssi.co
 .text.process_thread_select_parent
                0x0000000000004332       0xae arbol_rssi.co
 .text.process_thread_send_beacon
                0x00000000000043e0       0xb2 arbol_rssi.co
 .text.broadcast_recv
                0x0000000000004492       0x8e arbol_rssi.co
 .text.llenar_beacon
                0x0000000000004520       0x20 obj_sky/construccion_arbol.o
                0x0000000000004520                llenar_beacon
 .text.init_platform
                0x0000000000004540        0xc contiki-sky.a(contiki-sky-pla)
                0x0000000000004540                init_platform
 .text.status   0x000000000000454c       0x16 contiki-sky.a(button-sensor.o)
 .text.configure
                0x0000000000004562       0x52 contiki-sky.a(button-sensor.o)
 .text.value    0x00000000000045b4       0x22 contiki-sky.a(button-sensor.o)
 .text.irq_p2   0x00000000000045d6       0x8a contiki-sky.a(button-sensor.o)
                0x00000000000045d6                irq_p2
                0x00000000000045d6                __isr_1
 .text.owreadb  0x0000000000004660       0x52 contiki-sky.a(ds2411.o)
 .text.ds2411_init
                0x00000000000046b2      0x122 contiki-sky.a(ds2411.o)
                0x00000000000046b2                ds2411_init
 .text.wait_ready
                0x00000000000047d4       0x50 contiki-sky.a(xmem.o)
 .text.xmem_init
                0x0000000000004824       0x3e contiki-sky.a(xmem.o)
                0x0000000000004824                xmem_init
 .text.xmem_pread
                0x0000000000004862       0xea contiki-sky.a(xmem.o)
                0x0000000000004862                xmem_pread
 .text.node_id_restore
                0x000000000000494c       0x38 contiki-sky.a(node-id.o)
                0x000000000000494c                node_id_restore
 .text.process_thread_sensors_process
                0x0000000000004984       0xbe contiki-sky.a(sensors.o)
 .text.sensors_changed
                0x0000000000004a42       0x2a contiki-sky.a(sensors.o)
                0x0000000000004a42                sensors_changed
 .text.get_object
                0x0000000000004a6c        0x4 contiki-sky.a(cc2420.o)
 .text.set_object
                0x0000000000004a70        0x4 contiki-sky.a(cc2420.o)
 .text.strobe   0x0000000000004a74       0x20 contiki-sky.a(cc2420.o)
 .text.getreg   0x0000000000004a94       0x54 contiki-sky.a(cc2420.o)
 .text.setreg   0x0000000000004ae8       0x52 contiki-sky.a(cc2420.o)
 .text.write_ram
                0x0000000000004b3a       0x80 contiki-sky.a(cc2420.o)
 .text.write_fifo_buf
                0x0000000000004bba       0x40 contiki-sky.a(cc2420.o)
 .text.get_status
                0x0000000000004bfa       0x24 contiki-sky.a(cc2420.o)
 .text.set_txpower
                0x0000000000004c1e       0x26 contiki-sky.a(cc2420.o)
 .text.cc2420_receiving_packet
                0x0000000000004c44        0xe contiki-sky.a(cc2420.o)
 .text.pending_packet
                0x0000000000004c52        0x8 contiki-sky.a(cc2420.o)
 .text.on       0x0000000000004c5a       0x26 contiki-sky.a(cc2420.o)
 .text.wait_for_transmission
                0x0000000000004c80       0x22 contiki-sky.a(cc2420.o)
 .text.wait_for_status
                0x0000000000004ca2       0x2a contiki-sky.a(cc2420.o)
 .text.getrxdata
                0x0000000000004ccc       0x56 contiki-sky.a(cc2420.o)
 .text.flushrx  0x0000000000004d22       0x1a contiki-sky.a(cc2420.o)
 .text.off      0x0000000000004d3c       0x62 contiki-sky.a(cc2420.o)
 .text.RELEASE_LOCK
                0x0000000000004d9e       0x28 contiki-sky.a(cc2420.o)
 .text.set_key  0x0000000000004dc6       0x18 contiki-sky.a(cc2420.o)
 .text.set_frame_filtering
                0x0000000000004dde       0x30 contiki-sky.a(cc2420.o)
 .text.set_auto_ack
                0x0000000000004e0e       0x30 contiki-sky.a(cc2420.o)
 .text.set_poll_mode
                0x0000000000004e3e       0x36 contiki-sky.a(cc2420.o)
 .text.cc2420_prepare
                0x0000000000004e74       0x3c contiki-sky.a(cc2420.o)
 .text.cc2420_on
                0x0000000000004eb0       0x22 contiki-sky.a(cc2420.o)
                0x0000000000004eb0                cc2420_on
 .text.cc2420_off
                0x0000000000004ed2       0x30 contiki-sky.a(cc2420.o)
                0x0000000000004ed2                cc2420_off
 .text.cc2420_cca
                0x0000000000004f02       0x5e contiki-sky.a(cc2420.o)
 .text.cc2420_read
                0x0000000000004f60       0xc0 contiki-sky.a(cc2420.o)
 .text.process_thread_cc2420_process
                0x0000000000005020       0x58 contiki-sky.a(cc2420.o)
 .text.encrypt  0x0000000000005078       0x8e contiki-sky.a(cc2420.o)
 .text.cc2420_set_channel
                0x0000000000005106       0x3c contiki-sky.a(cc2420.o)
                0x0000000000005106                cc2420_set_channel
 .text.cc2420_set_pan_addr
                0x0000000000005142       0x4c contiki-sky.a(cc2420.o)
                0x0000000000005142                cc2420_set_pan_addr
 .text.cc2420_interrupt
                0x000000000000518e       0x18 contiki-sky.a(cc2420.o)
                0x000000000000518e                cc2420_interrupt
 .text.cc2420_set_txpower
                0x00000000000051a6        0xe contiki-sky.a(cc2420.o)
                0x00000000000051a6                cc2420_set_txpower
 .text.cc2420_get_txpower
                0x00000000000051b4       0x1e contiki-sky.a(cc2420.o)
                0x00000000000051b4                cc2420_get_txpower
 .text.cc2420_transmit
                0x00000000000051d2      0x134 contiki-sky.a(cc2420.o)
 .text.cc2420_send
                0x0000000000005306       0x12 contiki-sky.a(cc2420.o)
 .text.cc2420_rssi
                0x0000000000005318       0x4c contiki-sky.a(cc2420.o)
                0x0000000000005318                cc2420_rssi
 .text.get_value
                0x0000000000005364      0x108 contiki-sky.a(cc2420.o)
 .text.cc2420_set_cca_threshold
                0x000000000000546c       0x16 contiki-sky.a(cc2420.o)
                0x000000000000546c                cc2420_set_cca_threshold
 .text.set_value
                0x0000000000005482       0xba contiki-sky.a(cc2420.o)
 .text.cc2420_init
                0x000000000000553c       0xf0 contiki-sky.a(cc2420.o)
                0x000000000000553c                cc2420_init
 .text.cc2420_port1_interrupt
                0x000000000000562c       0x62 contiki-sky.a(cc2420-arch.o)
                0x000000000000562c                __isr_4
                0x000000000000562c                cc2420_port1_interrupt
 .text.cc2420_arch_init
                0x000000000000568e       0x1a contiki-sky.a(cc2420-arch.o)
                0x000000000000568e                cc2420_arch_init
 .text.handle_rxdma_timer
                0x00000000000056a8       0x3a contiki-sky.a(uart1.o)
 .text.uart1_active
                0x00000000000056e2       0x1a contiki-sky.a(uart1.o)
                0x00000000000056e2                uart1_active
 .text.uart1_set_input
                0x00000000000056fc       0x20 contiki-sky.a(uart1.o)
                0x00000000000056fc                uart1_set_input
 .text.uart1_writeb
                0x000000000000571c       0x1a contiki-sky.a(uart1.o)
                0x000000000000571c                uart1_writeb
 .text.uart1_init
                0x0000000000005736       0xf6 contiki-sky.a(uart1.o)
                0x0000000000005736                uart1_init
 .text.putchar  0x000000000000582c       0x10 contiki-sky.a(uart1-putchar.o)
                0x000000000000582c                putchar
 .text.msp430_init_dco
                0x000000000000583c       0x84 contiki-sky.a(msp430.o)
                0x000000000000583c                msp430_init_dco
 .text.msp430_add_lpm_req
                0x00000000000058c0        0xc contiki-sky.a(msp430.o)
                0x00000000000058c0                msp430_add_lpm_req
 .text.msp430_cpu_init
                0x00000000000058cc       0x2a contiki-sky.a(msp430.o)
                0x00000000000058cc                msp430_cpu_init
 .text.splhigh_
                0x00000000000058f6        0x8 contiki-sky.a(msp430.o)
                0x00000000000058f6                splhigh_
 .text.msp430_sync_dco
                0x00000000000058fe       0x68 contiki-sky.a(msp430.o)
                0x00000000000058fe                msp430_sync_dco
 .text.timera1  0x0000000000005966      0x11e contiki-sky.a(clock.o)
                0x0000000000005966                __isr_5
                0x0000000000005966                timera1
 .text.clock_time
                0x0000000000005a84       0x1a contiki-sky.a(clock.o)
                0x0000000000005a84                clock_time
 .text.clock_init
                0x0000000000005a9e       0x28 contiki-sky.a(clock.o)
                0x0000000000005a9e                clock_init
 .text.clock_delay
                0x0000000000005ac6        0xc contiki-sky.a(clock.o)
                0x0000000000005ac6                clock_delay
 .text.show_leds
                0x0000000000005ad2       0xf6 contiki-sky.a(leds.o)
 .text.leds_init
                0x0000000000005bc8        0xa contiki-sky.a(leds.o)
                0x0000000000005bc8                leds_init
 .text.leds_on  0x0000000000005bd2        0xa contiki-sky.a(leds.o)
                0x0000000000005bd2                leds_on
 .text.leds_off
                0x0000000000005bdc        0xe contiki-sky.a(leds.o)
                0x0000000000005bdc                leds_off
 .text.leds_arch_init
                0x0000000000005bea        0xe contiki-sky.a(leds-arch.o)
                0x0000000000005bea                leds_arch_init
 .text.leds_arch_set
                0x0000000000005bf8       0x3a contiki-sky.a(leds-arch.o)
                0x0000000000005bf8                leds_arch_set
 .text.watchdog_interrupt
                0x0000000000005c32        0x6 contiki-sky.a(watchdog.o)
                0x0000000000005c32                __isr_10
                0x0000000000005c32                watchdog_interrupt
 .text.watchdog_start
                0x0000000000005c38       0x14 contiki-sky.a(watchdog.o)
                0x0000000000005c38                watchdog_start
 .text.watchdog_periodic
                0x0000000000005c4c       0x12 contiki-sky.a(watchdog.o)
                0x0000000000005c4c                watchdog_periodic
 .text.watchdog_stop
                0x0000000000005c5e       0x16 contiki-sky.a(watchdog.o)
                0x0000000000005c5e                watchdog_stop
 .text.watchdog_init
                0x0000000000005c74       0x14 contiki-sky.a(watchdog.o)
                0x0000000000005c74                watchdog_init
 .text.rtimer_arch_init
                0x0000000000005c88        0xe contiki-sky.a(rtimer-arch.o)
                0x0000000000005c88                rtimer_arch_init
 .text.rtimer_arch_now
                0x0000000000005c96        0xe contiki-sky.a(rtimer-arch.o)
                0x0000000000005c96                rtimer_arch_now
 .text.timera0  0x0000000000005ca4       0x70 contiki-sky.a(rtimer-arch.o)
                0x0000000000005ca4                __isr_6
                0x0000000000005ca4                timera0
 .text.rtimer_arch_schedule
                0x0000000000005d14        0x6 contiki-sky.a(rtimer-arch.o)
                0x0000000000005d14                rtimer_arch_schedule
 .text.autostart_start
                0x0000000000005d1a       0x16 contiki-sky.a(autostart.o)
                0x0000000000005d1a                autostart_start
 .text.energest_init
                0x0000000000005d30       0x28 contiki-sky.a(energest.o)
                0x0000000000005d30                energest_init
 .text.energest_type_time
                0x0000000000005d58       0x46 contiki-sky.a(energest.o)
                0x0000000000005d58                energest_type_time
 .text.energest_type_set
                0x0000000000005d9e        0xe contiki-sky.a(energest.o)
                0x0000000000005d9e                energest_type_set
 .text.energest_flush
                0x0000000000005dac       0x48 contiki-sky.a(energest.o)
                0x0000000000005dac                energest_flush
 .text.update_time
                0x0000000000005df4       0x78 contiki-sky.a(etimer.o)
 .text.etimer_request_poll
                0x0000000000005e6c        0xa contiki-sky.a(etimer.o)
                0x0000000000005e6c                etimer_request_poll
 .text.process_thread_etimer_process
                0x0000000000005e76       0xc8 contiki-sky.a(etimer.o)
 .text.add_timer
                0x0000000000005f3e       0x40 contiki-sky.a(etimer.o)
 .text.etimer_set
                0x0000000000005f7e       0x12 contiki-sky.a(etimer.o)
                0x0000000000005f7e                etimer_set
 .text.etimer_reset
                0x0000000000005f90       0x12 contiki-sky.a(etimer.o)
                0x0000000000005f90                etimer_reset
 .text.etimer_expired
                0x0000000000005fa2        0xe contiki-sky.a(etimer.o)
                0x0000000000005fa2                etimer_expired
 .text.etimer_pending
                0x0000000000005fb0        0xc contiki-sky.a(etimer.o)
                0x0000000000005fb0                etimer_pending
 .text.etimer_next_expiration_time
                0x0000000000005fbc       0x16 contiki-sky.a(etimer.o)
                0x0000000000005fbc                etimer_next_expiration_time
 .text.etimer_stop
                0x0000000000005fd2       0x3c contiki-sky.a(etimer.o)
                0x0000000000005fd2                etimer_stop
 .text.process_thread_ctimer_process
                0x000000000000600e       0xa4 contiki-sky.a(ctimer.o)
 .text.ctimer_init
                0x00000000000060b2       0x18 contiki-sky.a(ctimer.o)
                0x00000000000060b2                ctimer_init
 .text.ctimer_set_with_process
                0x00000000000060ca       0x4e contiki-sky.a(ctimer.o)
                0x00000000000060ca                ctimer_set_with_process
 .text.ctimer_set
                0x0000000000006118       0x10 contiki-sky.a(ctimer.o)
                0x0000000000006118                ctimer_set
 .text.ctimer_reset
                0x0000000000006128       0x30 contiki-sky.a(ctimer.o)
                0x0000000000006128                ctimer_reset
 .text.ctimer_stop
                0x0000000000006158       0x28 contiki-sky.a(ctimer.o)
                0x0000000000006158                ctimer_stop
 .text.call_process
                0x0000000000006180       0x4a contiki-sky.a(process.o)
 .text.exit_process
                0x00000000000061ca       0x96 contiki-sky.a(process.o)
 .text.do_poll  0x0000000000006260       0x30 contiki-sky.a(process.o)
 .text.process_alloc_event
                0x0000000000006290        0xe contiki-sky.a(process.o)
                0x0000000000006290                process_alloc_event
 .text.process_init
                0x000000000000629e       0x1c contiki-sky.a(process.o)
                0x000000000000629e                process_init
 .text.process_run
                0x00000000000062ba       0x92 contiki-sky.a(process.o)
                0x00000000000062ba                process_run
 .text.process_nevents
                0x000000000000634c        0xe contiki-sky.a(process.o)
                0x000000000000634c                process_nevents
 .text.process_post
                0x000000000000635a       0x4e contiki-sky.a(process.o)
                0x000000000000635a                process_post
 .text.process_post_synch
                0x00000000000063a8       0x12 contiki-sky.a(process.o)
                0x00000000000063a8                process_post_synch
 .text.process_start
                0x00000000000063ba       0x32 contiki-sky.a(process.o)
                0x00000000000063ba                process_start
 .text.process_poll
                0x00000000000063ec       0x18 contiki-sky.a(process.o)
                0x00000000000063ec                process_poll
 .text.rtimer_init
                0x0000000000006404        0x6 contiki-sky.a(rtimer.o)
                0x0000000000006404                rtimer_init
 .text.rtimer_set
                0x000000000000640a       0x24 contiki-sky.a(rtimer.o)
                0x000000000000640a                rtimer_set
 .text.rtimer_run_next
                0x000000000000642e       0x26 contiki-sky.a(rtimer.o)
                0x000000000000642e                rtimer_run_next
 .text.timer_set
                0x0000000000006454       0x1c contiki-sky.a(timer.o)
                0x0000000000006454                timer_set
 .text.timer_reset
                0x0000000000006470        0xe contiki-sky.a(timer.o)
                0x0000000000006470                timer_reset
 .text.timer_expired
                0x000000000000647e       0x2a contiki-sky.a(timer.o)
                0x000000000000647e                timer_expired
 .text.process_thread_serial_line_process
                0x00000000000064a8       0x9c contiki-sky.a(serial-line.o)
 .text.serial_line_input_byte
                0x0000000000006544       0x4a contiki-sky.a(serial-line.o)
                0x0000000000006544                serial_line_input_byte
 .text.serial_line_init
                0x000000000000658e       0x1c contiki-sky.a(serial-line.o)
                0x000000000000658e                serial_line_init
 .text.list_init
                0x00000000000065aa        0x6 contiki-sky.a(list.o)
                0x00000000000065aa                list_init
 .text.list_head
                0x00000000000065b0        0x4 contiki-sky.a(list.o)
                0x00000000000065b0                list_head
 .text.list_tail
                0x00000000000065b4       0x12 contiki-sky.a(list.o)
                0x00000000000065b4                list_tail
 .text.list_remove
                0x00000000000065c6       0x34 contiki-sky.a(list.o)
                0x00000000000065c6                list_remove
 .text.list_push
                0x00000000000065fa       0x1a contiki-sky.a(list.o)
                0x00000000000065fa                list_push
 .text.list_add
                0x0000000000006614       0x2a contiki-sky.a(list.o)
                0x0000000000006614                list_add
 .text.list_length
                0x000000000000663e       0x10 contiki-sky.a(list.o)
                0x000000000000663e                list_length
 .text.list_item_next
                0x000000000000664e        0xc contiki-sky.a(list.o)
                0x000000000000664e                list_item_next
 .text.memb_init
                0x000000000000665a       0x36 contiki-sky.a(memb.o)
                0x000000000000665a                memb_init
 .text.memb_alloc
                0x0000000000006690       0x3e contiki-sky.a(memb.o)
                0x0000000000006690                memb_alloc
 .text.memb_free
                0x00000000000066ce       0x3a contiki-sky.a(memb.o)
                0x00000000000066ce                memb_free
 .text.memb_inmemb
                0x0000000000006708       0x2e contiki-sky.a(memb.o)
                0x0000000000006708                memb_inmemb
 .text.random_init
                0x0000000000006736        0x6 contiki-sky.a(random.o)
                0x0000000000006736                random_init
 .text.random_rand
                0x000000000000673c        0x6 contiki-sky.a(random.o)
                0x000000000000673c                random_rand
 .text.ringbuf_init
                0x0000000000006742       0x14 contiki-sky.a(ringbuf.o)
                0x0000000000006742                ringbuf_init
 .text.ringbuf_put
                0x0000000000006756       0x38 contiki-sky.a(ringbuf.o)
                0x0000000000006756                ringbuf_put
 .text.ringbuf_get
                0x000000000000678e       0x34 contiki-sky.a(ringbuf.o)
                0x000000000000678e                ringbuf_get
 .text.sent_by_abc
                0x00000000000067c2       0x10 contiki-sky.a(broadcast.o)
 .text.recv_from_abc
                0x00000000000067d2       0x26 contiki-sky.a(broadcast.o)
 .text.broadcast_open
                0x00000000000067f8       0x2a contiki-sky.a(broadcast.o)
                0x00000000000067f8                broadcast_open
 .text.broadcast_close
                0x0000000000006822        0x6 contiki-sky.a(broadcast.o)
                0x0000000000006822                broadcast_close
 .text.broadcast_send
                0x0000000000006828       0x1a contiki-sky.a(broadcast.o)
                0x0000000000006828                broadcast_send
 .text.input    0x0000000000006842       0x3a contiki-sky.a(rime.o)
 .text.init     0x000000000000687c       0x2e contiki-sky.a(rime.o)
 .text.packet_sent
                0x00000000000068aa       0x44 contiki-sky.a(rime.o)
 .text.rime_output
                0x00000000000068ee       0x24 contiki-sky.a(rime.o)
                0x00000000000068ee                rime_output
 .text.sent_by_broadcast
                0x0000000000006912       0x10 contiki-sky.a(unicast.o)
 .text.recv_from_broadcast
                0x0000000000006922       0x2e contiki-sky.a(unicast.o)
 .text.unicast_open
                0x0000000000006950       0x2a contiki-sky.a(unicast.o)
                0x0000000000006950                unicast_open
 .text.unicast_close
                0x000000000000697a        0x6 contiki-sky.a(unicast.o)
                0x000000000000697a                unicast_close
 .text.unicast_send
                0x0000000000006980       0x16 contiki-sky.a(unicast.o)
                0x0000000000006980                unicast_send
 .text.input_packet
                0x0000000000006996        0x6 contiki-sky.a(csma.o)
 .text.on       0x000000000000699c        0x6 contiki-sky.a(csma.o)
 .text.off      0x00000000000069a2        0x6 contiki-sky.a(csma.o)
 .text.channel_check_interval
                0x00000000000069a8       0x10 contiki-sky.a(csma.o)
 .text.transmit_packet_list
                0x00000000000069b8       0x24 contiki-sky.a(csma.o)
 .text.schedule_transmission
                0x00000000000069dc       0x94 contiki-sky.a(csma.o)
 .text.send_packet
                0x0000000000006a70      0x170 contiki-sky.a(csma.o)
 .text.init     0x0000000000006be0       0x1a contiki-sky.a(csma.o)
 .text.tx_done  0x0000000000006bfa       0x98 contiki-sky.a(csma.o)
 .text.packet_sent
                0x0000000000006c92       0xd2 contiki-sky.a(csma.o)
 .text.queuebuf_init
                0x0000000000006d64       0x12 contiki-sky.a(queuebuf.o)
                0x0000000000006d64                queuebuf_init
 .text.queuebuf_new_from_packetbuf
                0x0000000000006d76       0x52 contiki-sky.a(queuebuf.o)
                0x0000000000006d76                queuebuf_new_from_packetbuf
 .text.queuebuf_update_attr_from_packetbuf
                0x0000000000006dc8       0x12 contiki-sky.a(queuebuf.o)
                0x0000000000006dc8                queuebuf_update_attr_from_packetbuf
 .text.queuebuf_update_from_packetbuf
                0x0000000000006dda       0x22 contiki-sky.a(queuebuf.o)
                0x0000000000006dda                queuebuf_update_from_packetbuf
 .text.queuebuf_free
                0x0000000000006dfc       0x2a contiki-sky.a(queuebuf.o)
                0x0000000000006dfc                queuebuf_free
 .text.queuebuf_to_packetbuf
                0x0000000000006e26       0x32 contiki-sky.a(queuebuf.o)
                0x0000000000006e26                queuebuf_to_packetbuf
 .text.queuebuf_attr
                0x0000000000006e58        0xe contiki-sky.a(queuebuf.o)
                0x0000000000006e58                queuebuf_attr
 .text.packetbuf_hdrreduce
                0x0000000000006e66       0x1a contiki-sky.a(packetbuf.o)
                0x0000000000006e66                packetbuf_hdrreduce
 .text.packetbuf_set_datalen
                0x0000000000006e80        0x6 contiki-sky.a(packetbuf.o)
                0x0000000000006e80                packetbuf_set_datalen
 .text.packetbuf_hdrptr
                0x0000000000006e86        0x6 contiki-sky.a(packetbuf.o)
                0x0000000000006e86                packetbuf_hdrptr
 .text.packetbuf_datalen
                0x0000000000006e8c        0x6 contiki-sky.a(packetbuf.o)
                0x0000000000006e8c                packetbuf_datalen
 .text.packetbuf_hdrlen
                0x0000000000006e92        0xa contiki-sky.a(packetbuf.o)
                0x0000000000006e92                packetbuf_hdrlen
 .text.packetbuf_dataptr
                0x0000000000006e9c        0xc contiki-sky.a(packetbuf.o)
                0x0000000000006e9c                packetbuf_dataptr
 .text.packetbuf_copyto
                0x0000000000006ea8       0x46 contiki-sky.a(packetbuf.o)
                0x0000000000006ea8                packetbuf_copyto
 .text.packetbuf_compact
                0x0000000000006eee       0x36 contiki-sky.a(packetbuf.o)
                0x0000000000006eee                packetbuf_compact
 .text.packetbuf_totlen
                0x0000000000006f24        0xc contiki-sky.a(packetbuf.o)
                0x0000000000006f24                packetbuf_totlen
 .text.packetbuf_hdralloc
                0x0000000000006f30       0x3a contiki-sky.a(packetbuf.o)
                0x0000000000006f30                packetbuf_hdralloc
 .text.packetbuf_attr_clear
                0x0000000000006f6a       0x2c contiki-sky.a(packetbuf.o)
                0x0000000000006f6a                packetbuf_attr_clear
 .text.packetbuf_clear
                0x0000000000006f96       0x12 contiki-sky.a(packetbuf.o)
                0x0000000000006f96                packetbuf_clear
 .text.packetbuf_copyfrom
                0x0000000000006fa8       0x2e contiki-sky.a(packetbuf.o)
                0x0000000000006fa8                packetbuf_copyfrom
 .text.packetbuf_attr_copyto
                0x0000000000006fd6       0x20 contiki-sky.a(packetbuf.o)
                0x0000000000006fd6                packetbuf_attr_copyto
 .text.packetbuf_attr_copyfrom
                0x0000000000006ff6       0x22 contiki-sky.a(packetbuf.o)
                0x0000000000006ff6                packetbuf_attr_copyfrom
 .text.packetbuf_holds_broadcast
                0x0000000000007018        0xe contiki-sky.a(packetbuf.o)
                0x0000000000007018                packetbuf_holds_broadcast
 .text.linkaddr_copy
                0x0000000000007026        0xc contiki-sky.a(linkaddr.o)
                0x0000000000007026                linkaddr_copy
 .text.linkaddr_cmp
                0x0000000000007032       0x12 contiki-sky.a(linkaddr.o)
                0x0000000000007032                linkaddr_cmp
 .text.linkaddr_set_node_addr
                0x0000000000007044        0xc contiki-sky.a(linkaddr.o)
                0x0000000000007044                linkaddr_set_node_addr
 .text.duty_cycle
                0x0000000000007050        0x6 contiki-sky.a(contikimac.o)
 .text.init     0x0000000000007056       0x2a contiki-sky.a(contikimac.o)
 .text.on       0x0000000000007080       0x1a contiki-sky.a(contikimac.o)
 .text.off      0x000000000000709a       0x22 contiki-sky.a(contikimac.o)
 .text.recv_burst_off
                0x00000000000070bc        0xa contiki-sky.a(contikimac.o)
 .text.turn_off
                0x00000000000070c6       0x20 contiki-sky.a(contikimac.o)
 .text.turn_on  0x00000000000070e6       0x30 contiki-sky.a(contikimac.o)
 .text.schedule_powercycle_fixed.part.4
                0x0000000000007116       0x32 contiki-sky.a(contikimac.o)
 .text.powercycle_turn_radio_off
                0x0000000000007148       0x30 contiki-sky.a(contikimac.o)
 .text.powercycle_wrapper
                0x0000000000007178      0x1c2 contiki-sky.a(contikimac.o)
 .text.input_packet
                0x000000000000733a       0xb2 contiki-sky.a(contikimac.o)
 .text.send_packet.isra.8
                0x00000000000073ec      0x1ec contiki-sky.a(contikimac.o)
 .text.qsend_list
                0x00000000000075d8       0xd2 contiki-sky.a(contikimac.o)
 .text.qsend_packet
                0x00000000000076aa       0x28 contiki-sky.a(contikimac.o)
 .text.hdr_length
                0x00000000000076d2        0x8 contiki-sky.a(contikimac-fram)
 .text.parse    0x00000000000076da       0x3a contiki-sky.a(contikimac-fram)
 .text.create   0x0000000000007714       0x74 contiki-sky.a(contikimac-fram)
 .text.init     0x0000000000007788        0x2 contiki-sky.a(nullsec.o)
 .text.send     0x000000000000778a        0xa contiki-sky.a(nullsec.o)
 .text.input    0x0000000000007794        0x6 contiki-sky.a(nullsec.o)
 .text.spi_init
                0x000000000000779a       0x32 contiki-sky.a(spi.o)
                0x000000000000779a                spi_init
 .text.compower_accumulate
                0x00000000000077cc       0x72 contiki-sky.a(compower.o)
                0x00000000000077cc                compower_accumulate
 .text.compower_clear
                0x000000000000783e       0x12 contiki-sky.a(compower.o)
                0x000000000000783e                compower_clear
 .text.compower_attrconv
                0x0000000000007850       0x10 contiki-sky.a(compower.o)
                0x0000000000007850                compower_attrconv
 .text.adv_packet_sent
                0x0000000000007860        0x2 contiki-sky.a(broadcast-annou)
 .text.adv_packet_received
                0x0000000000007862       0x66 contiki-sky.a(broadcast-annou)
 .text.set_timers
                0x00000000000078c8       0x4a contiki-sky.a(broadcast-annou)
 .text.send_timer
                0x0000000000007912       0x36 contiki-sky.a(broadcast-annou)
 .text.new_announcement
                0x0000000000007948       0x18 contiki-sky.a(broadcast-annou)
 .text.send_adv
                0x0000000000007960       0x66 contiki-sky.a(broadcast-annou)
 .text.broadcast_announcement_init
                0x00000000000079c6       0x48 contiki-sky.a(broadcast-annou)
                0x00000000000079c6                broadcast_announcement_init
 .text.abc_open
                0x0000000000007a0e       0x26 contiki-sky.a(abc.o)
                0x0000000000007a0e                abc_open
 .text.abc_close
                0x0000000000007a34        0x6 contiki-sky.a(abc.o)
                0x0000000000007a34                abc_close
 .text.abc_send
                0x0000000000007a3a        0x6 contiki-sky.a(abc.o)
                0x0000000000007a3a                abc_send
 .text.abc_input
                0x0000000000007a40        0xe contiki-sky.a(abc.o)
                0x0000000000007a40                abc_input
 .text.abc_sent
                0x0000000000007a4e       0x10 contiki-sky.a(abc.o)
                0x0000000000007a4e                abc_sent
 .text.announcement_init
                0x0000000000007a5e        0xa contiki-sky.a(announcement.o)
                0x0000000000007a5e                announcement_init
 .text.announcement_register_observer_callback
                0x0000000000007a68        0x6 contiki-sky.a(announcement.o)
                0x0000000000007a68                announcement_register_observer_callback
 .text.announcement_list
                0x0000000000007a6e        0xa contiki-sky.a(announcement.o)
                0x0000000000007a6e                announcement_list
 .text.announcement_heard
                0x0000000000007a78       0x42 contiki-sky.a(announcement.o)
                0x0000000000007a78                announcement_heard
 .text.channel_init
                0x0000000000007aba        0xa contiki-sky.a(channel.o)
                0x0000000000007aba                channel_init
 .text.channel_open
                0x0000000000007ac4       0x10 contiki-sky.a(channel.o)
                0x0000000000007ac4                channel_open
 .text.channel_close
                0x0000000000007ad4        0xc contiki-sky.a(channel.o)
                0x0000000000007ad4                channel_close
 .text.channel_lookup
                0x0000000000007ae0       0x20 contiki-sky.a(channel.o)
                0x0000000000007ae0                channel_lookup
 .text.channel_set_attributes
                0x0000000000007b00       0x24 contiki-sky.a(channel.o)
                0x0000000000007b00                channel_set_attributes
 .text.chameleon_init
                0x0000000000007b24        0x6 contiki-sky.a(chameleon.o)
                0x0000000000007b24                chameleon_init
 .text.chameleon_parse
                0x0000000000007b2a       0x10 contiki-sky.a(chameleon.o)
                0x0000000000007b2a                chameleon_parse
 .text.chameleon_create
                0x0000000000007b3a       0x1c contiki-sky.a(chameleon.o)
                0x0000000000007b3a                chameleon_create
 .text.chameleon_hdrsize
                0x0000000000007b56        0x6 contiki-sky.a(chameleon.o)
                0x0000000000007b56                chameleon_hdrsize
 .text.mac_sequence_is_duplicate
                0x0000000000007b5c       0x66 contiki-sky.a(mac-sequence.o)
                0x0000000000007b5c                mac_sequence_is_duplicate
 .text.mac_sequence_register_seqno
                0x0000000000007bc2       0x74 contiki-sky.a(mac-sequence.o)
                0x0000000000007bc2                mac_sequence_register_seqno
 .text.parse    0x0000000000007c36       0xb0 contiki-sky.a(framer-802154.o)
 .text.create_frame.isra.0
                0x0000000000007ce6      0x114 contiki-sky.a(framer-802154.o)
 .text.create   0x0000000000007dfa        0x8 contiki-sky.a(framer-802154.o)
 .text.hdr_length
                0x0000000000007e02        0x8 contiki-sky.a(framer-802154.o)
 .text.frame802154_get_pan_id
                0x0000000000007e0a        0x6 contiki-sky.a(frame802154.o)
                0x0000000000007e0a                frame802154_get_pan_id
 .text.frame802154_has_panid
                0x0000000000007e10       0xdc contiki-sky.a(frame802154.o)
                0x0000000000007e10                frame802154_has_panid
 .text.field_len
                0x0000000000007eec       0xb2 contiki-sky.a(frame802154.o)
 .text.frame802154_is_broadcast_addr
                0x0000000000007f9e       0x24 contiki-sky.a(frame802154.o)
                0x0000000000007f9e                frame802154_is_broadcast_addr
 .text.frame802154_hdrlen
                0x0000000000007fc2       0x32 contiki-sky.a(frame802154.o)
                0x0000000000007fc2                frame802154_hdrlen
 .text.frame802154_create_fcf
                0x0000000000007ff4       0x96 contiki-sky.a(frame802154.o)
                0x0000000000007ff4                frame802154_create_fcf
 .text.frame802154_create
                0x000000000000808a       0xe4 contiki-sky.a(frame802154.o)
                0x000000000000808a                frame802154_create
 .text.frame802154_parse_fcf
                0x000000000000816e       0xbe contiki-sky.a(frame802154.o)
                0x000000000000816e                frame802154_parse_fcf
 .text.frame802154_parse
                0x000000000000822c      0x18c contiki-sky.a(frame802154.o)
                0x000000000000822c                frame802154_parse
 .text.mac_call_sent_callback
                0x00000000000083b8       0x14 contiki-sky.a(mac.o)
                0x00000000000083b8                mac_call_sent_callback
 .text.get_bits_in_byte
                0x00000000000083cc       0x3a contiki-sky.a(chameleon-bitop)
 .text.header_size
                0x0000000000008406       0x16 contiki-sky.a(chameleon-bitop)
 .text.get_bits
                0x000000000000841c       0xa4 contiki-sky.a(chameleon-bitop)
                0x000000000000841c                get_bits
 .text.unpack_header
                0x00000000000084c0       0xdc contiki-sky.a(chameleon-bitop)
 .text.set_bits
                0x000000000000859c      0x116 contiki-sky.a(chameleon-bitop)
                0x000000000000859c                set_bits
 .text.pack_header
                0x00000000000086b2       0xc4 contiki-sky.a(chameleon-bitop)
 .text.libgcc   0x0000000000008776       0x2c /usr/lib/gcc/msp430/4.6.3/mmpy-16/libgcc.a(_mulsi3.o)
                0x0000000000008776                __mulsi3
 .text.libgcc   0x00000000000087a2       0x40 /usr/lib/gcc/msp430/4.6.3/mmpy-16/libgcc.a(_udivmod32.o)
                0x00000000000087a2                __udivsi3
                0x00000000000087a2                __ext_udivmod32
                0x00000000000087d8                __umodsi3
 .text          0x00000000000087e2       0x20 /usr/lib/gcc/msp430/4.6.3/../../../../msp430/lib/mmpy-16/libc.a(memcmp.o)
                0x00000000000087e2                memcmp
 .text          0x0000000000008802       0xfa /usr/lib/gcc/msp430/4.6.3/../../../../msp430/lib/mmpy-16/libc.a(memcpy.o)
                0x0000000000008802                memcpy
 .text          0x00000000000088fc       0x6a /usr/lib/gcc/msp430/4.6.3/../../../../msp430/lib/mmpy-16/libc.a(memset.o)
                0x00000000000088fc                memset
 .text          0x0000000000008966       0x1e /usr/lib/gcc/msp430/4.6.3/../../../../msp430/lib/mmpy-16/libc.a(printf.o)
                0x0000000000008966                printf
                0x0000000000008976                vprintf
 .text          0x0000000000008984      0x836 /usr/lib/gcc/msp430/4.6.3/../../../../msp430/lib/mmpy-16/libc.a(vuprintf.o)
                0x0000000000008b1c                vuprintf
 .text          0x00000000000091ba       0x2c /usr/lib/gcc/msp430/4.6.3/../../../../msp430/lib/mmpy-16/libc.a(puts.o)
                0x00000000000091ba                puts
 .text          0x00000000000091e6       0x54 /usr/lib/gcc/msp430/4.6.3/../../../../msp430/lib/mmpy-16/libc.a(rand.o)
                0x00000000000091e6                rand_r
                0x000000000000920a                rand
                0x0000000000009230                srand
 .text.libgcc   0x000000000000923a       0x22 /usr/lib/gcc/msp430/4.6.3/mmpy-16/libgcc.a(_udivmod16.o)
                0x000000000000923a                __udivhi3
                0x000000000000923a                __ext_udivmod16
                0x0000000000009254                __umodhi3
 .text.libgcc   0x000000000000925c       0xf0 /usr/lib/gcc/msp430/4.6.3/mmpy-16/libgcc.a(_udivmod64.o)
                0x000000000000925c                __xabi_udivmod64
                0x00000000000092ba                __udivdi3
                0x00000000000092e0                __umoddi3
                0x000000000000930e                __udivmoddi4
 .text.crt0     0x000000000000934c        0x2 /usr/lib/gcc/msp430/4.6.3/mmpy-16/libcrt0.a(_unexpected_.o)
                0x000000000000934c                _unexpected_
                0x000000000000934e                . = ALIGN (0x2)

.rodata         0x000000000000934e      0x2e8
                0x000000000000934e                . = ALIGN (0x2)
 *(.rodata .rodata.* .gnu.linkonce.r.*)
 .rodata        0x000000000000934e       0xc2 arbol_rssi.co
                0x00000000000093e2                autostart_processes
 .rodata        0x0000000000009410       0xe7 obj_sky/contiki-sky-main.o
 *fill*         0x00000000000094f7        0x1 00
 .rodata        0x00000000000094f8       0x10 contiki-sky.a(button-sensor.o)
                0x0000000000009500                button_sensor
 .rodata        0x0000000000009508        0x8 contiki-sky.a(sensors.o)
 .rodata        0x0000000000009510       0x70 contiki-sky.a(cc2420.o)
                0x0000000000009542                cc2420_aes_128_driver
                0x0000000000009546                cc2420_driver
 .rodata        0x0000000000009580        0xc contiki-sky.a(etimer.o)
 .rodata        0x000000000000958c        0xf contiki-sky.a(ctimer.o)
 .rodata        0x000000000000959b        0xe contiki-sky.a(serial-line.o)
 *fill*         0x00000000000095a9        0x1 00
 .rodata        0x00000000000095aa        0x8 contiki-sky.a(broadcast.o)
 .rodata        0x00000000000095b2        0xc contiki-sky.a(rime.o)
                0x00000000000095b8                rime_driver
 .rodata        0x00000000000095be        0xa contiki-sky.a(unicast.o)
 .rodata        0x00000000000095c8       0x14 contiki-sky.a(csma.o)
                0x00000000000095ce                csma_driver
 .rodata        0x00000000000095dc        0x2 contiki-sky.a(linkaddr.o)
                0x00000000000095dc                linkaddr_null
 .rodata        0x00000000000095de       0x1c contiki-sky.a(contikimac.o)
                0x00000000000095ea                contikimac_driver
 .rodata        0x00000000000095fa        0x6 contiki-sky.a(contikimac-fram)
                0x00000000000095fa                contikimac_framer
 .rodata        0x0000000000009600       0x10 contiki-sky.a(nullsec.o)
                0x0000000000009608                nullsec_driver
 .rodata        0x0000000000009610        0x4 contiki-sky.a(broadcast-annou)
 .rodata        0x0000000000009614        0x2 contiki-sky.a(abc.o)
 .rodata        0x0000000000009616        0x6 contiki-sky.a(framer-802154.o)
                0x0000000000009616                framer_802154
 .rodata        0x000000000000961c        0x2 contiki-sky.a(frame802154.o)
 .rodata        0x000000000000961e       0x10 contiki-sky.a(chameleon-bitop)
                0x000000000000961e                chameleon_bitopt
 .rodata        0x000000000000962e        0x7 /usr/lib/gcc/msp430/4.6.3/../../../../msp430/lib/mmpy-16/libc.a(vuprintf.o)
                0x0000000000009636                . = ALIGN (0x2)
 *fill*         0x0000000000009635        0x1 00
                0x0000000000009636                _etext = .

.data           0x0000000000001100       0x84 load address 0x0000000000009636
                0x0000000000001100                . = ALIGN (0x2)
                0x0000000000001100                PROVIDE (__data_start, .)
 *(.data .data.* .gnu.linkonce.d.*)
 .data          0x0000000000001100       0x1c arbol_rssi.co
                0x0000000000001100                select_parent
                0x000000000000110a                send_beacon
 .data          0x000000000000111c        0x4 contiki-sky.a(contiki-sky-pla)
                0x000000000000111c                sensors
 .data          0x0000000000001120        0xa contiki-sky.a(sensors.o)
                0x0000000000001120                sensors_process
 .data          0x000000000000112a        0xc contiki-sky.a(cc2420.o)
                0x000000000000112a                cc2420_process
 .data          0x0000000000001136        0x2 contiki-sky.a(msp430.o)
 .data          0x0000000000001138        0xa contiki-sky.a(etimer.o)
                0x0000000000001138                etimer_process
 .data          0x0000000000001142        0xa contiki-sky.a(ctimer.o)
                0x0000000000001142                ctimer_process
 .data          0x000000000000114c        0xa contiki-sky.a(serial-line.o)
                0x000000000000114c                serial_line_process
 .data          0x0000000000001156       0x18 contiki-sky.a(csma.o)
 .data          0x000000000000116e       0x10 contiki-sky.a(queuebuf.o)
 .data          0x000000000000117e        0x2 contiki-sky.a(frame802154.o)
 .data          0x0000000000001180        0x4 /usr/lib/gcc/msp430/4.6.3/../../../../msp430/lib/mmpy-16/libc.a(rand.o)
                0x0000000000001184                . = ALIGN (0x2)
                0x0000000000001184                _edata = .
                0x0000000000009636                PROVIDE (__data_load_start, LOADADDR (.data))
                0x0000000000000084                PROVIDE (__data_size, SIZEOF (.data))

.bss            0x0000000000001184     0x1218 load address 0x00000000000096ba
                0x0000000000001184                PROVIDE (__bss_start, .)
 *(.bss .bss.*)
 .bss           0x0000000000001184       0x5e arbol_rssi.co
 .bss           0x00000000000011e2        0xc obj_sky/contiki-sky-main.o
 .bss           0x00000000000011ee        0x8 contiki-sky.a(button-sensor.o)
 .bss           0x00000000000011f6        0x2 contiki-sky.a(node-id.o)
                0x00000000000011f6                node_id
 .bss           0x00000000000011f8        0x6 contiki-sky.a(sensors.o)
 .bss           0x00000000000011fe        0xa contiki-sky.a(cc2420.o)
 .bss           0x0000000000001208       0x9a contiki-sky.a(uart1.o)
 .bss           0x00000000000012a2        0xa contiki-sky.a(clock.o)
 .bss           0x00000000000012ac        0x1 contiki-sky.a(leds.o)
 *fill*         0x00000000000012ad        0x1 00
 .bss           0x00000000000012ae        0x2 contiki-sky.a(watchdog.o)
 .bss           0x00000000000012b0        0x6 contiki-sky.a(etimer.o)
 .bss           0x00000000000012b6        0x4 contiki-sky.a(ctimer.o)
 .bss           0x00000000000012ba       0x38 contiki-sky.a(process.o)
                0x00000000000012ba                process_current
                0x00000000000012bc                process_list
 .bss           0x00000000000012f2        0x2 contiki-sky.a(rtimer.o)
 .bss           0x00000000000012f4      0x10a contiki-sky.a(serial-line.o)
 .bss           0x00000000000013fe        0x2 contiki-sky.a(rime.o)
 .bss           0x0000000000001400      0x124 contiki-sky.a(csma.o)
 .bss           0x0000000000001524      0xc20 contiki-sky.a(queuebuf.o)
 .bss           0x0000000000002144       0x86 contiki-sky.a(packetbuf.o)
 .bss           0x00000000000021ca       0x32 contiki-sky.a(contikimac.o)
 .bss           0x00000000000021fc        0x8 contiki-sky.a(compower.o)
 .bss           0x0000000000002204       0x46 contiki-sky.a(broadcast-annou)
 .bss           0x000000000000224a        0x6 contiki-sky.a(announcement.o)
 .bss           0x0000000000002250        0x2 contiki-sky.a(channel.o)
 .bss           0x0000000000002252       0x80 contiki-sky.a(mac-sequence.o)
 .bss           0x00000000000022d2        0x2 contiki-sky.a(framer-802154.o)
 *(COMMON)
 COMMON         0x00000000000022d4        0xc arbol_rssi.co
                0x00000000000022d4                b
                0x00000000000022d8                beacon_enviar
                0x00000000000022dc                a
 COMMON         0x00000000000022e0        0x2 contiki-sky.a(contiki-sky-pla)
                0x00000000000022e0                sensors_flags
 COMMON         0x00000000000022e2        0x8 contiki-sky.a(ds2411.o)
                0x00000000000022e2                ds2411_id
 COMMON         0x00000000000022ea        0x1 contiki-sky.a(sensors.o)
                0x00000000000022ea                sensors_event
 *fill*         0x00000000000022eb        0x1 00
 COMMON         0x00000000000022ec       0x10 contiki-sky.a(cc2420.o)
                0x00000000000022ec                cc2420_last_rssi
                0x00000000000022ee                cc2420_sfd_start_time
                0x00000000000022f0                cc2420_time_of_departure
                0x00000000000022f2                cc2420_time_of_arrival
                0x00000000000022f4                cc2420_last_correlation
                0x00000000000022f6                cc2420_authority_level_of_sender
                0x00000000000022f8                cc2420_sfd_counter
                0x00000000000022fa                cc2420_sfd_end_time
 COMMON         0x00000000000022fc        0x2 contiki-sky.a(msp430.o)
                0x00000000000022fc                msp430_dco_required
 COMMON         0x00000000000022fe       0x56 contiki-sky.a(energest.o)
                0x00000000000022fe                energest_total_time
                0x000000000000232e                energest_total_count
                0x0000000000002330                energest_current_mode
                0x000000000000233c                energest_current_time
 COMMON         0x0000000000002354        0x1 contiki-sky.a(process.o)
                0x0000000000002354                process_maxevents
 COMMON         0x0000000000002355        0x1 contiki-sky.a(serial-line.o)
                0x0000000000002355                serial_line_event_message
 COMMON         0x0000000000002356       0x3c contiki-sky.a(packetbuf.o)
                0x0000000000002356                packetbuf_addrs
                0x000000000000235e                packetbuf_attrs
 COMMON         0x0000000000002392        0x2 contiki-sky.a(linkaddr.o)
                0x0000000000002392                linkaddr_node_addr
 COMMON         0x0000000000002394        0x8 contiki-sky.a(compower.o)
                0x0000000000002394                compower_idle_activity
                0x000000000000239c                . = ALIGN (0x2)
                0x000000000000239c                PROVIDE (__bss_end, .)
                0x0000000000001218                PROVIDE (__bss_size, SIZEOF (.bss))

.noinit         0x000000000000239c        0x2 load address 0x00000000000096ba
                0x000000000000239c                PROVIDE (__noinit_start, .)
 *(.noinit .noinit.*)
 .noinit.crt0   0x000000000000239c        0x2 /usr/lib/gcc/msp430/4.6.3/mmpy-16/libcrt0.a(__watchdog_support.o)
                0x000000000000239c                __wdt_clear_value
                0x000000000000239e                . = ALIGN (0x2)
                0x000000000000239e                PROVIDE (__noinit_end, .)
                0x000000000000239e                . = ALIGN (0x2)
                0x000000000000239e                _end = .

.infomem        0x0000000000001000        0x0
 *(.infomem)
                0x0000000000001000                . = ALIGN (0x2)
 *(.infomem.*)

.infomemnobits  0x0000000000001000        0x0
 *(.infomemnobits)
                0x0000000000001000                . = ALIGN (0x2)
 *(.infomemnobits.*)

.infoa
 *(.infoa .infoa.*)

.infob
 *(.infob .infob.*)

.infoc
 *(.infoc .infoc.*)

.infod
 *(.infod .infod.*)

.vectors        0x000000000000ffe0       0x20
                0x000000000000ffe0                PROVIDE (__vectors_start, .)
 *(.vectors*)
 .vectors       0x000000000000ffe0       0x20 /usr/lib/gcc/msp430/4.6.3/mmpy-16/crt0ivtbl16.o
                0x000000000000ffe0                __ivtbl_16
                0x0000000000010000                _vectors_end = .

.fartext        0x0000000000000000        0x0
                0x0000000000000000                . = ALIGN (0x2)
 *(.fartext)
                0x0000000000000000                . = ALIGN (0x2)
 *(.fartext.*)
                0x0000000000000000                _efartext = .

.profiler
 *(.profiler)

.stab           0x0000000000000000    0x1a9b8
 *(.stab)
 .stab          0x0000000000000000     0x16b0 arbol_rssi.co
 .stab          0x00000000000016b0      0x474 obj_sky/construccion_arbol.o
                                       0x11a0 (size before relaxing)
 .stab          0x0000000000001b24     0x105c obj_sky/contiki-sky-main.o
                                       0x17a0 (size before relaxing)
 .stab          0x0000000000002b80      0x258 contiki-sky.a(contiki-sky-pla)
                                        0x5b8 (size before relaxing)
 .stab          0x0000000000002dd8      0x468 contiki-sky.a(button-sensor.o)
                                        0x7d4 (size before relaxing)
 .stab          0x0000000000003240      0x624 contiki-sky.a(ds2411.o)
                                        0xb40 (size before relaxing)
 .stab          0x0000000000003864      0xa38 contiki-sky.a(xmem.o)
                                        0xf60 (size before relaxing)
 .stab          0x000000000000429c      0x2b8 contiki-sky.a(node-id.o)
                                        0x4e0 (size before relaxing)
 .stab          0x0000000000004554      0x654 contiki-sky.a(sensors.o)
                                        0xb70 (size before relaxing)
 .stab          0x0000000000004ba8     0x2904 contiki-sky.a(cc2420.o)
                                       0x3030 (size before relaxing)
 .stab          0x00000000000074ac      0xa68 contiki-sky.a(cc2420-arch.o)
                                       0x13f8 (size before relaxing)
 .stab          0x0000000000007f14      0x60c contiki-sky.a(uart1.o)
                                        0x960 (size before relaxing)
 .stab          0x0000000000008520      0x234 contiki-sky.a(uart1-putchar.o)
                                        0x588 (size before relaxing)
 .stab          0x0000000000008754      0x744 contiki-sky.a(msp430.o)
                                        0xa98 (size before relaxing)
 .stab          0x0000000000008e98      0x948 contiki-sky.a(clock.o)
                                        0xc9c (size before relaxing)
 .stab          0x00000000000097e0      0x5dc contiki-sky.a(leds.o)
                                        0x828 (size before relaxing)
 .stab          0x0000000000009dbc      0x3a8 contiki-sky.a(leds-arch.o)
                                        0x6fc (size before relaxing)
 .stab          0x000000000000a164      0x3fc contiki-sky.a(watchdog.o)
                                        0x750 (size before relaxing)
 .stab          0x000000000000a560      0x3cc contiki-sky.a(rtimer-arch.o)
                                        0x720 (size before relaxing)
 .stab          0x000000000000a92c      0x294 contiki-sky.a(autostart.o)
                                        0x534 (size before relaxing)
 .stab          0x000000000000abc0      0x474 contiki-sky.a(energest.o)
                                        0x6fc (size before relaxing)
 .stab          0x000000000000b034      0xabc contiki-sky.a(etimer.o)
                                        0xd8c (size before relaxing)
 .stab          0x000000000000baf0      0x858 contiki-sky.a(ctimer.o)
                                        0xbc4 (size before relaxing)
 .stab          0x000000000000c348      0xba0 contiki-sky.a(process.o)
                                       0x1038 (size before relaxing)
 .stab          0x000000000000cee8      0x3d8 contiki-sky.a(rtimer.o)
                                        0x6c0 (size before relaxing)
 .stab          0x000000000000d2c0      0x354 contiki-sky.a(timer.o)
                                        0x594 (size before relaxing)
 .stab          0x000000000000d614      0x534 contiki-sky.a(serial-line.o)
                                        0xa50 (size before relaxing)
 .stab          0x000000000000db48      0x7f8 contiki-sky.a(list.o)
                                        0x804 (size before relaxing)
 .stab          0x000000000000e340      0x5c4 contiki-sky.a(memb.o)
                                        0xaf8 (size before relaxing)
 .stab          0x000000000000e904      0x24c contiki-sky.a(random.o)
                                        0x624 (size before relaxing)
 .stab          0x000000000000eb50      0x3fc contiki-sky.a(ringbuf.o)
                                        0x63c (size before relaxing)
 .stab          0x000000000000ef4c      0x6d8 contiki-sky.a(broadcast.o)
                                       0x1500 (size before relaxing)
 .stab          0x000000000000f624      0xbc4 contiki-sky.a(rime.o)
                                       0x1410 (size before relaxing)
 .stab          0x00000000000101e8      0x624 contiki-sky.a(unicast.o)
                                       0x129c (size before relaxing)
 .stab          0x000000000001080c      0xcf0 contiki-sky.a(csma.o)
                                       0x1680 (size before relaxing)
 .stab          0x00000000000114fc      0xa5c contiki-sky.a(queuebuf.o)
                                       0x1884 (size before relaxing)
 .stab          0x0000000000011f58      0xc60 contiki-sky.a(packetbuf.o)
                                       0x1aa0 (size before relaxing)
 .stab          0x0000000000012bb8      0x2c4 contiki-sky.a(linkaddr.o)
                                        0x6c0 (size before relaxing)
 .stab          0x0000000000012e7c     0x1728 contiki-sky.a(contikimac.o)
                                       0x22ec (size before relaxing)
 .stab          0x00000000000145a4      0x81c contiki-sky.a(contikimac-fram)
                                        0xe58 (size before relaxing)
 .stab          0x0000000000014dc0      0x3c0 contiki-sky.a(nullsec.o)
                                        0xcf0 (size before relaxing)
 .stab          0x0000000000015180      0x204 contiki-sky.a(spi.o)
                                        0x42c (size before relaxing)
 .stab          0x0000000000015384      0x51c contiki-sky.a(compower.o)
                                        0xd20 (size before relaxing)
 .stab          0x00000000000158a0      0x948 contiki-sky.a(broadcast-annou)
                                       0x15c0 (size before relaxing)
 .stab          0x00000000000161e8      0x66c contiki-sky.a(abc.o)
                                       0x1494 (size before relaxing)
 .stab          0x0000000000016854      0x6e4 contiki-sky.a(announcement.o)
                                        0x984 (size before relaxing)
 .stab          0x0000000000016f38      0x678 contiki-sky.a(channel.o)
                                       0x129c (size before relaxing)
 .stab          0x00000000000175b0      0x594 contiki-sky.a(chameleon.o)
                                       0x123c (size before relaxing)
 .stab          0x0000000000017b44      0x630 contiki-sky.a(mac-sequence.o)
                                       0x1470 (size before relaxing)
 .stab          0x0000000000018174      0x6f0 contiki-sky.a(framer-802154.o)
                                        0xf30 (size before relaxing)
 .stab          0x0000000000018864     0x11dc contiki-sky.a(frame802154.o)
                                       0x19c8 (size before relaxing)
 .stab          0x0000000000019a40      0x1f8 contiki-sky.a(mac.o)
                                        0x4ec (size before relaxing)
 .stab          0x0000000000019c38      0xd80 contiki-sky.a(chameleon-bitop)
                                       0x19f8 (size before relaxing)

.stabstr        0x0000000000000000    0x1619f
 *(.stabstr)
 .stabstr       0x0000000000000000    0x1619f arbol_rssi.co

.stab.excl
 *(.stab.excl)

.stab.exclstr
 *(.stab.exclstr)

.stab.index
 *(.stab.index)

.stab.indexstr
 *(.stab.indexstr)

.comment
 *(.comment)

.debug
 *(.debug)

.line
 *(.line)

.debug_srcinfo
 *(.debug_srcinfo)

.debug_sfnames
 *(.debug_sfnames)

.debug_aranges  0x0000000000000000      0x168
 *(.debug_aranges)
 .debug_aranges
                0x0000000000000000       0x14 /usr/lib/gcc/msp430/4.6.3/mmpy-16/libgcc.a(_mulsi3.o)
 .debug_aranges
                0x0000000000000014       0x14 /usr/lib/gcc/msp430/4.6.3/mmpy-16/libgcc.a(_udivmod32.o)
 .debug_aranges
                0x0000000000000028       0x14 /usr/lib/gcc/msp430/4.6.3/../../../../msp430/lib/mmpy-16/libc.a(strncmp.o)
 .debug_aranges
                0x000000000000003c       0x14 /usr/lib/gcc/msp430/4.6.3/../../../../msp430/lib/mmpy-16/libc.a(memcmp.o)
 .debug_aranges
                0x0000000000000050       0x14 /usr/lib/gcc/msp430/4.6.3/../../../../msp430/lib/mmpy-16/libc.a(memcpy.o)
 .debug_aranges
                0x0000000000000064       0x14 /usr/lib/gcc/msp430/4.6.3/../../../../msp430/lib/mmpy-16/libc.a(memset.o)
 .debug_aranges
                0x0000000000000078       0x14 /usr/lib/gcc/msp430/4.6.3/../../../../msp430/lib/mmpy-16/libc.a(printf.o)
 .debug_aranges
                0x000000000000008c       0x14 /usr/lib/gcc/msp430/4.6.3/../../../../msp430/lib/mmpy-16/libc.a(vuprintf.o)
 .debug_aranges
                0x00000000000000a0       0x14 /usr/lib/gcc/msp430/4.6.3/../../../../msp430/lib/mmpy-16/libc.a(puts.o)
 .debug_aranges
                0x00000000000000b4       0x14 /usr/lib/gcc/msp430/4.6.3/../../../../msp430/lib/mmpy-16/libc.a(rand.o)
 .debug_aranges
                0x00000000000000c8       0x14 /usr/lib/gcc/msp430/4.6.3/mmpy-16/libgcc.a(_udivmod16.o)
 .debug_aranges
                0x00000000000000dc       0x14 /usr/lib/gcc/msp430/4.6.3/mmpy-16/libgcc.a(_udivmod64.o)
 .debug_aranges
                0x00000000000000f0       0x14 /usr/lib/gcc/msp430/4.6.3/mmpy-16/libcrt0.a(__watchdog_support.o)
 .debug_aranges
                0x0000000000000104       0x14 /usr/lib/gcc/msp430/4.6.3/mmpy-16/libcrt0.a(__init_stack.o)
 .debug_aranges
                0x0000000000000118       0x14 /usr/lib/gcc/msp430/4.6.3/mmpy-16/libcrt0.a(_copy_data.o)
 .debug_aranges
                0x000000000000012c       0x14 /usr/lib/gcc/msp430/4.6.3/mmpy-16/libcrt0.a(_clear_bss.o)
 .debug_aranges
                0x0000000000000140       0x14 /usr/lib/gcc/msp430/4.6.3/mmpy-16/libcrt0.a(_endless_loop__.o)
 .debug_aranges
                0x0000000000000154       0x14 /usr/lib/gcc/msp430/4.6.3/mmpy-16/libcrt0.a(_unexpected_.o)

.debug_pubnames
 *(.debug_pubnames)

.debug_info     0x0000000000000000     0x1477
 *(.debug_info)
 .debug_info    0x0000000000000000       0xec /usr/lib/gcc/msp430/4.6.3/mmpy-16/libgcc.a(_mulsi3.o)
 .debug_info    0x00000000000000ec       0xec /usr/lib/gcc/msp430/4.6.3/mmpy-16/libgcc.a(_udivmod32.o)
 .debug_info    0x00000000000001d8       0xbb /usr/lib/gcc/msp430/4.6.3/../../../../msp430/lib/mmpy-16/libc.a(strncmp.o)
 .debug_info    0x0000000000000293       0xe8 /usr/lib/gcc/msp430/4.6.3/../../../../msp430/lib/mmpy-16/libc.a(memcmp.o)
 .debug_info    0x000000000000037b      0x113 /usr/lib/gcc/msp430/4.6.3/../../../../msp430/lib/mmpy-16/libc.a(memcpy.o)
 .debug_info    0x000000000000048e       0xfe /usr/lib/gcc/msp430/4.6.3/../../../../msp430/lib/mmpy-16/libc.a(memset.o)
 .debug_info    0x000000000000058c      0x105 /usr/lib/gcc/msp430/4.6.3/../../../../msp430/lib/mmpy-16/libc.a(printf.o)
 .debug_info    0x0000000000000691      0x565 /usr/lib/gcc/msp430/4.6.3/../../../../msp430/lib/mmpy-16/libc.a(vuprintf.o)
 .debug_info    0x0000000000000bf6       0x96 /usr/lib/gcc/msp430/4.6.3/../../../../msp430/lib/mmpy-16/libc.a(puts.o)
 .debug_info    0x0000000000000c8c      0x13f /usr/lib/gcc/msp430/4.6.3/../../../../msp430/lib/mmpy-16/libc.a(rand.o)
 .debug_info    0x0000000000000dcb       0xec /usr/lib/gcc/msp430/4.6.3/mmpy-16/libgcc.a(_udivmod16.o)
 .debug_info    0x0000000000000eb7       0xec /usr/lib/gcc/msp430/4.6.3/mmpy-16/libgcc.a(_udivmod64.o)
 .debug_info    0x0000000000000fa3       0xce /usr/lib/gcc/msp430/4.6.3/mmpy-16/libcrt0.a(__watchdog_support.o)
 .debug_info    0x0000000000001071       0xce /usr/lib/gcc/msp430/4.6.3/mmpy-16/libcrt0.a(__init_stack.o)
 .debug_info    0x000000000000113f       0xce /usr/lib/gcc/msp430/4.6.3/mmpy-16/libcrt0.a(_copy_data.o)
 .debug_info    0x000000000000120d       0xce /usr/lib/gcc/msp430/4.6.3/mmpy-16/libcrt0.a(_clear_bss.o)
 .debug_info    0x00000000000012db       0xce /usr/lib/gcc/msp430/4.6.3/mmpy-16/libcrt0.a(_endless_loop__.o)
 .debug_info    0x00000000000013a9       0xce /usr/lib/gcc/msp430/4.6.3/mmpy-16/libcrt0.a(_unexpected_.o)
 *(.gnu.linkonce.wi.*)

.debug_abbrev   0x0000000000000000      0x721
 *(.debug_abbrev)
 .debug_abbrev  0x0000000000000000       0x14 /usr/lib/gcc/msp430/4.6.3/mmpy-16/libgcc.a(_mulsi3.o)
 .debug_abbrev  0x0000000000000014       0x14 /usr/lib/gcc/msp430/4.6.3/mmpy-16/libgcc.a(_udivmod32.o)
 .debug_abbrev  0x0000000000000028       0x7c /usr/lib/gcc/msp430/4.6.3/../../../../msp430/lib/mmpy-16/libc.a(strncmp.o)
 .debug_abbrev  0x00000000000000a4       0x9b /usr/lib/gcc/msp430/4.6.3/../../../../msp430/lib/mmpy-16/libc.a(memcmp.o)
 .debug_abbrev  0x000000000000013f       0x97 /usr/lib/gcc/msp430/4.6.3/../../../../msp430/lib/mmpy-16/libc.a(memcpy.o)
 .debug_abbrev  0x00000000000001d6       0x9c /usr/lib/gcc/msp430/4.6.3/../../../../msp430/lib/mmpy-16/libc.a(memset.o)
 .debug_abbrev  0x0000000000000272       0xd0 /usr/lib/gcc/msp430/4.6.3/../../../../msp430/lib/mmpy-16/libc.a(printf.o)
 .debug_abbrev  0x0000000000000342      0x1ef /usr/lib/gcc/msp430/4.6.3/../../../../msp430/lib/mmpy-16/libc.a(vuprintf.o)
 .debug_abbrev  0x0000000000000531       0x60 /usr/lib/gcc/msp430/4.6.3/../../../../msp430/lib/mmpy-16/libc.a(puts.o)
 .debug_abbrev  0x0000000000000591       0xf0 /usr/lib/gcc/msp430/4.6.3/../../../../msp430/lib/mmpy-16/libc.a(rand.o)
 .debug_abbrev  0x0000000000000681       0x14 /usr/lib/gcc/msp430/4.6.3/mmpy-16/libgcc.a(_udivmod16.o)
 .debug_abbrev  0x0000000000000695       0x14 /usr/lib/gcc/msp430/4.6.3/mmpy-16/libgcc.a(_udivmod64.o)
 .debug_abbrev  0x00000000000006a9       0x14 /usr/lib/gcc/msp430/4.6.3/mmpy-16/libcrt0.a(__watchdog_support.o)
 .debug_abbrev  0x00000000000006bd       0x14 /usr/lib/gcc/msp430/4.6.3/mmpy-16/libcrt0.a(__init_stack.o)
 .debug_abbrev  0x00000000000006d1       0x14 /usr/lib/gcc/msp430/4.6.3/mmpy-16/libcrt0.a(_copy_data.o)
 .debug_abbrev  0x00000000000006e5       0x14 /usr/lib/gcc/msp430/4.6.3/mmpy-16/libcrt0.a(_clear_bss.o)
 .debug_abbrev  0x00000000000006f9       0x14 /usr/lib/gcc/msp430/4.6.3/mmpy-16/libcrt0.a(_endless_loop__.o)
 .debug_abbrev  0x000000000000070d       0x14 /usr/lib/gcc/msp430/4.6.3/mmpy-16/libcrt0.a(_unexpected_.o)

.debug_line     0x0000000000000000      0xcdd
 *(.debug_line)
 .debug_line    0x0000000000000000       0xae /usr/lib/gcc/msp430/4.6.3/mmpy-16/libgcc.a(_mulsi3.o)
 .debug_line    0x00000000000000ae       0xb6 /usr/lib/gcc/msp430/4.6.3/mmpy-16/libgcc.a(_udivmod32.o)
 .debug_line    0x0000000000000164       0x75 /usr/lib/gcc/msp430/4.6.3/../../../../msp430/lib/mmpy-16/libc.a(strncmp.o)
 .debug_line    0x00000000000001d9       0x73 /usr/lib/gcc/msp430/4.6.3/../../../../msp430/lib/mmpy-16/libc.a(memcmp.o)
 .debug_line    0x000000000000024c       0xe9 /usr/lib/gcc/msp430/4.6.3/../../../../msp430/lib/mmpy-16/libc.a(memcpy.o)
 .debug_line    0x0000000000000335       0xc8 /usr/lib/gcc/msp430/4.6.3/../../../../msp430/lib/mmpy-16/libc.a(memset.o)
 .debug_line    0x00000000000003fd       0x72 /usr/lib/gcc/msp430/4.6.3/../../../../msp430/lib/mmpy-16/libc.a(printf.o)
 .debug_line    0x000000000000046f      0x2d2 /usr/lib/gcc/msp430/4.6.3/../../../../msp430/lib/mmpy-16/libc.a(vuprintf.o)
 .debug_line    0x0000000000000741       0x4d /usr/lib/gcc/msp430/4.6.3/../../../../msp430/lib/mmpy-16/libc.a(puts.o)
 .debug_line    0x000000000000078e       0x4f /usr/lib/gcc/msp430/4.6.3/../../../../msp430/lib/mmpy-16/libc.a(rand.o)
 .debug_line    0x00000000000007dd       0xa7 /usr/lib/gcc/msp430/4.6.3/mmpy-16/libgcc.a(_udivmod16.o)
 .debug_line    0x0000000000000884       0xfc /usr/lib/gcc/msp430/4.6.3/mmpy-16/libgcc.a(_udivmod64.o)
 .debug_line    0x0000000000000980       0x8f /usr/lib/gcc/msp430/4.6.3/mmpy-16/libcrt0.a(__watchdog_support.o)
 .debug_line    0x0000000000000a0f       0x8d /usr/lib/gcc/msp430/4.6.3/mmpy-16/libcrt0.a(__init_stack.o)
 .debug_line    0x0000000000000a9c       0x93 /usr/lib/gcc/msp430/4.6.3/mmpy-16/libcrt0.a(_copy_data.o)
 .debug_line    0x0000000000000b2f       0x93 /usr/lib/gcc/msp430/4.6.3/mmpy-16/libcrt0.a(_clear_bss.o)
 .debug_line    0x0000000000000bc2       0x8e /usr/lib/gcc/msp430/4.6.3/mmpy-16/libcrt0.a(_endless_loop__.o)
 .debug_line    0x0000000000000c50       0x8d /usr/lib/gcc/msp430/4.6.3/mmpy-16/libcrt0.a(_unexpected_.o)

.debug_frame    0x0000000000000000      0x1ec
 *(.debug_frame)
 .debug_frame   0x0000000000000000       0x24 /usr/lib/gcc/msp430/4.6.3/../../../../msp430/lib/mmpy-16/libc.a(strncmp.o)
 .debug_frame   0x0000000000000024       0x24 /usr/lib/gcc/msp430/4.6.3/../../../../msp430/lib/mmpy-16/libc.a(memcmp.o)
 .debug_frame   0x0000000000000048       0x38 /usr/lib/gcc/msp430/4.6.3/../../../../msp430/lib/mmpy-16/libc.a(memcpy.o)
 .debug_frame   0x0000000000000080       0x32 /usr/lib/gcc/msp430/4.6.3/../../../../msp430/lib/mmpy-16/libc.a(memset.o)
 .debug_frame   0x00000000000000b2       0x2a /usr/lib/gcc/msp430/4.6.3/../../../../msp430/lib/mmpy-16/libc.a(printf.o)
 .debug_frame   0x00000000000000dc       0xb0 /usr/lib/gcc/msp430/4.6.3/../../../../msp430/lib/mmpy-16/libc.a(vuprintf.o)
 .debug_frame   0x000000000000018c       0x24 /usr/lib/gcc/msp430/4.6.3/../../../../msp430/lib/mmpy-16/libc.a(puts.o)
 .debug_frame   0x00000000000001b0       0x3c /usr/lib/gcc/msp430/4.6.3/../../../../msp430/lib/mmpy-16/libc.a(rand.o)

.debug_str      0x0000000000000000      0x3e8
 *(.debug_str)
 .debug_str     0x0000000000000000       0xd0 /usr/lib/gcc/msp430/4.6.3/../../../../msp430/lib/mmpy-16/libc.a(strncmp.o)
                                        0x109 (size before relaxing)
 .debug_str     0x00000000000000d0       0x19 /usr/lib/gcc/msp430/4.6.3/../../../../msp430/lib/mmpy-16/libc.a(memcmp.o)
                                        0x107 (size before relaxing)
 .debug_str     0x00000000000000e9       0x34 /usr/lib/gcc/msp430/4.6.3/../../../../msp430/lib/mmpy-16/libc.a(memcpy.o)
                                        0x122 (size before relaxing)
 .debug_str     0x000000000000011d       0x26 /usr/lib/gcc/msp430/4.6.3/../../../../msp430/lib/mmpy-16/libc.a(memset.o)
                                        0x120 (size before relaxing)
 .debug_str     0x0000000000000143       0x40 /usr/lib/gcc/msp430/4.6.3/../../../../msp430/lib/mmpy-16/libc.a(printf.o)
                                        0x136 (size before relaxing)
 .debug_str     0x0000000000000183      0x221 /usr/lib/gcc/msp430/4.6.3/../../../../msp430/lib/mmpy-16/libc.a(vuprintf.o)
                                        0x381 (size before relaxing)
 .debug_str     0x00000000000003a4       0x15 /usr/lib/gcc/msp430/4.6.3/../../../../msp430/lib/mmpy-16/libc.a(puts.o)
                                         0xfc (size before relaxing)
 .debug_str     0x00000000000003b9       0x2f /usr/lib/gcc/msp430/4.6.3/../../../../msp430/lib/mmpy-16/libc.a(rand.o)
                                        0x11b (size before relaxing)

.debug_loc      0x0000000000000000      0xaf3
 *(.debug_loc)
 .debug_loc     0x0000000000000000       0x38 /usr/lib/gcc/msp430/4.6.3/../../../../msp430/lib/mmpy-16/libc.a(strncmp.o)
 .debug_loc     0x0000000000000038       0x5e /usr/lib/gcc/msp430/4.6.3/../../../../msp430/lib/mmpy-16/libc.a(memcmp.o)
 .debug_loc     0x0000000000000096      0x1f0 /usr/lib/gcc/msp430/4.6.3/../../../../msp430/lib/mmpy-16/libc.a(memcpy.o)
 .debug_loc     0x0000000000000286       0xdb /usr/lib/gcc/msp430/4.6.3/../../../../msp430/lib/mmpy-16/libc.a(memset.o)
 .debug_loc     0x0000000000000361       0x38 /usr/lib/gcc/msp430/4.6.3/../../../../msp430/lib/mmpy-16/libc.a(printf.o)
 .debug_loc     0x0000000000000399      0x705 /usr/lib/gcc/msp430/4.6.3/../../../../msp430/lib/mmpy-16/libc.a(vuprintf.o)
 .debug_loc     0x0000000000000a9e       0x26 /usr/lib/gcc/msp430/4.6.3/../../../../msp430/lib/mmpy-16/libc.a(puts.o)
 .debug_loc     0x0000000000000ac4       0x2f /usr/lib/gcc/msp430/4.6.3/../../../../msp430/lib/mmpy-16/libc.a(rand.o)

.debug_macinfo
 *(.debug_macinfo)

.debug_pubtypes
 *(.debug_pubtypes)

.debug_ranges   0x0000000000000000       0x18
 *(.debug_ranges)
 .debug_ranges  0x0000000000000000       0x18 /usr/lib/gcc/msp430/4.6.3/../../../../msp430/lib/mmpy-16/libc.a(vuprintf.o)
                0x0000000000003900                PROVIDE (__stack, (ORIGIN (ram) + 0x2800))
                0x0000000000009636                PROVIDE (__data_start_rom, _etext)
                0x00000000000096ba                PROVIDE (__data_end_rom, (_etext + SIZEOF (.data)))
OUTPUT(arbol_rssi.sky elf32-msp430)
